Flutter crash report.
Please report a bug at https://github.com/flutter/flutter/issues.

## command

flutter run -d chrome

## exception

ShaderCompilerException: ShaderCompilerException: Shader compilation of "C:\Users\Dell\flutter\packages\flutter\lib\src\material\shaders\ink_sparkle.frag" to "build\flutter_assets\shaders/ink_sparkle.frag" failed with exit code 1.
impellerc stdout:

impellerc stderr:
Could not write file to build\flutter_assets\shaders/ink_sparkle.frag




```
#0      ShaderCompiler.compileShader (package:flutter_tools/src/build_system/tools/shader_compiler.dart:196:9)
<asynchronous suspension>
#1      writeBundle.<anonymous closure> (package:flutter_tools/src/bundle_builder.dart:214:25)
<asynchronous suspension>
#2      Future.wait.<anonymous closure> (dart:async/future.dart:525:21)
<asynchronous suspension>
#3      writeBundle (package:flutter_tools/src/bundle_builder.dart:177:3)
<asynchronous suspension>
#4      WebDevFS.update (package:flutter_tools/src/isolated/devfs_web.dart:348:9)
<asynchronous suspension>
#5      ResidentWebRunner._updateDevFS (package:flutter_tools/src/isolated/resident_web_runner.dart:762:35)
<asynchronous suspension>
#6      ResidentWebRunner.run.<anonymous closure> (package:flutter_tools/src/isolated/resident_web_runner.dart:360:41)
<asynchronous suspension>
#7      asyncGuard.<anonymous closure> (package:flutter_tools/src/base/async_guard.dart:108:24)
<asynchronous suspension>
```

## flutter doctor

```
[32m[✓][39m Flutter (Channel stable, 3.35.5, on Microsoft Windows [Version 10.0.19045.6466], locale en-US) [2.8s]
    [32m•[39m Flutter version 3.35.5 on channel stable at C:\Users\Dell\flutter
    [32m•[39m Upstream repository https://github.com/flutter/flutter.git
    [32m•[39m Framework revision ac4e799d23 (7 months ago), 2025-09-26 12:05:09 -0700
    [32m•[39m Engine revision d3d45dcf25
    [32m•[39m Dart version 3.9.2
    [32m•[39m DevTools version 2.48.0
    [32m•[39m Feature flags: enable-web, enable-linux-desktop, enable-macos-desktop, enable-windows-desktop, enable-android, enable-ios, cli-animations, enable-lldb-debugging

[32m[✓][39m Windows Version (10 Pro 64-bit, 22H2, 2009) [5.4s]

[32m[✓][39m Android toolchain - develop for Android devices (Android SDK version 36.1.0) [17.9s]
    [32m•[39m Android SDK at C:\Users\Dell\AppData\Local\Android\Sdk
    [32m•[39m Emulator version 36.2.12.0 (build_id 14214601) (CL:N/A)
    [32m•[39m Platform android-36, build-tools 36.1.0
    [32m•[39m ANDROID_HOME = C:\Users\Dell\AppData\Local\Android\Sdk
    [32m•[39m Java binary at: C:\Program Files\Android\Android Studio\jbr\bin\java
      This is the JDK bundled with the latest Android Studio installation on this machine.
      To manually set the JDK path, use: `flutter config --jdk-dir="path/to/jdk"`.
    [32m•[39m Java version OpenJDK Runtime Environment (build 21.0.8+-14018985-b1038.68)
    [32m•[39m All Android licenses accepted.

[32m[✓][39m Chrome - develop for the web [413ms]
    [32m•[39m Chrome at C:\Program Files\Google\Chrome\Application\chrome.exe

[32m[✓][39m Visual Studio - develop Windows apps (Visual Studio Community 2026 Insiders [11123.170]) [410ms]
    [32m•[39m Visual Studio at C:\Program Files\Microsoft Visual Studio\18\Insiders
    [32m•[39m Visual Studio Community 2026 version 18.0.11123.170
    [32m•[39m The current Visual Studio installation is a pre-release version. It may not be supported by Flutter yet.
    [32m•[39m Windows 10 SDK version 10.0.26100.0

[32m[✓][39m Android Studio (version 2025.1.4) [14ms]
    [32m•[39m Android Studio at C:\Program Files\Android\Android Studio
    [32m•[39m Flutter plugin can be installed from:
      🔨 https://plugins.jetbrains.com/plugin/9212-flutter
    [32m•[39m Dart plugin can be installed from:
      🔨 https://plugins.jetbrains.com/plugin/6351-dart
    [32m•[39m Java version OpenJDK Runtime Environment (build 21.0.8+-14018985-b1038.68)

[32m[✓][39m VS Code (version unknown) [9ms]
    [32m•[39m VS Code at C:\Users\Dell\AppData\Local\Programs\Microsoft VS Code
    [32m•[39m Flutter extension version 3.132.0
    [31m✗[39m Unable to determine VS Code version.

[32m[✓][39m Connected device (3 available) [469ms]
    [32m•[39m Windows (desktop) • windows • windows-x64    • Microsoft Windows [Version 10.0.19045.6466]
    [32m•[39m Chrome (web)      • chrome  • web-javascript • Google Chrome 147.0.7727.119
    [32m•[39m Edge (web)        • edge    • web-javascript • Microsoft Edge 147.0.3912.86

[32m[✓][39m Network resources [2.6s]
    [32m•[39m All expected network resources are available.

[32m•[39m No issues found!
```
